[06-Apr-2025 18:32:59 UTC] PHP Fatal error:  Uncaught PDOException: SQLSTATE[HY000] [1045] Access denied for user 'u539586759_sponsor'@'localhost' (using password: YES) in /home/u539586759/domains/hv-inversiones.com/public_html/sponsor/modelos/conexion.php:7
Stack trace:
#0 /home/u539586759/domains/hv-inversiones.com/public_html/sponsor/modelos/conexion.php(7): PDO->__construct()
#1 /home/u539586759/domains/hv-inversiones.com/public_html/sponsor/modelos/usuarios.modelo.php(15): Conexion::conectar()
#2 /home/u539586759/domains/hv-inversiones.com/public_html/sponsor/controladores/usuarios.controlador.php(26): ModeloUsuarios::mdlMostrarUsuarios()
#3 /home/u539586759/domains/hv-inversiones.com/public_html/sponsor/vistas/paginas/ingreso/login.php(155): ControladorUsuarios::ctrLoginUsuario()
#4 /home/u539586759/domains/hv-inversiones.com/public_html/sponsor/vistas/plantilla.php(82): include('/home/u53958675...')
#5 /home/u539586759/domains/hv-inversiones.com/public_html/sponsor/controladores/plantilla.controlador.php(7): include('/home/u53958675...')
#6 /home/u539586759/domains/hv-inversiones.com/public_html/sponsor/index.php(25): ControladorPlantilla->ctrPlantilla()
#7 {main}
  thrown in /home/u539586759/domains/hv-inversiones.com/public_html/sponsor/modelos/conexion.php on line 7
[06-Apr-2025 18:35:07 UTC] PHP Fatal error:  Uncaught PDOException: SQLSTATE[HY000] [1045] Access denied for user 'u539586759_sponsor'@'localhost' (using password: YES) in /home/u539586759/domains/hv-inversiones.com/public_html/sponsor/modelos/conexion.php:7
Stack trace:
#0 /home/u539586759/domains/hv-inversiones.com/public_html/sponsor/modelos/conexion.php(7): PDO->__construct()
#1 /home/u539586759/domains/hv-inversiones.com/public_html/sponsor/modelos/usuarios.modelo.php(15): Conexion::conectar()
#2 /home/u539586759/domains/hv-inversiones.com/public_html/sponsor/controladores/usuarios.controlador.php(26): ModeloUsuarios::mdlMostrarUsuarios()
#3 /home/u539586759/domains/hv-inversiones.com/public_html/sponsor/vistas/paginas/ingreso/login.php(155): ControladorUsuarios::ctrLoginUsuario()
#4 /home/u539586759/domains/hv-inversiones.com/public_html/sponsor/vistas/plantilla.php(82): include('/home/u53958675...')
#5 /home/u539586759/domains/hv-inversiones.com/public_html/sponsor/controladores/plantilla.controlador.php(7): include('/home/u53958675...')
#6 /home/u539586759/domains/hv-inversiones.com/public_html/sponsor/index.php(25): ControladorPlantilla->ctrPlantilla()
#7 {main}
  thrown in /home/u539586759/domains/hv-inversiones.com/public_html/sponsor/modelos/conexion.php on line 7
[06-Apr-2025 18:35:17 UTC] PHP Fatal error:  Uncaught PDOException: SQLSTATE[HY000] [1045] Access denied for user 'u539586759_sponsor'@'localhost' (using password: YES) in /home/u539586759/domains/hv-inversiones.com/public_html/sponsor/modelos/conexion.php:7
Stack trace:
#0 /home/u539586759/domains/hv-inversiones.com/public_html/sponsor/modelos/conexion.php(7): PDO->__construct()
#1 /home/u539586759/domains/hv-inversiones.com/public_html/sponsor/modelos/usuarios.modelo.php(15): Conexion::conectar()
#2 /home/u539586759/domains/hv-inversiones.com/public_html/sponsor/controladores/usuarios.controlador.php(26): ModeloUsuarios::mdlMostrarUsuarios()
#3 /home/u539586759/domains/hv-inversiones.com/public_html/sponsor/vistas/paginas/ingreso/login.php(155): ControladorUsuarios::ctrLoginUsuario()
#4 /home/u539586759/domains/hv-inversiones.com/public_html/sponsor/vistas/plantilla.php(82): include('/home/u53958675...')
#5 /home/u539586759/domains/hv-inversiones.com/public_html/sponsor/controladores/plantilla.controlador.php(7): include('/home/u53958675...')
#6 /home/u539586759/domains/hv-inversiones.com/public_html/sponsor/index.php(25): ControladorPlantilla->ctrPlantilla()
#7 {main}
  thrown in /home/u539586759/domains/hv-inversiones.com/public_html/sponsor/modelos/conexion.php on line 7
[06-Apr-2025 18:35:49 UTC] PHP Fatal error:  Uncaught PDOException: SQLSTATE[HY000] [1045] Access denied for user 'u539586759_sponsors'@'localhost' (using password: YES) in /home/u539586759/domains/hv-inversiones.com/public_html/sponsor/modelos/conexion.php:7
Stack trace:
#0 /home/u539586759/domains/hv-inversiones.com/public_html/sponsor/modelos/conexion.php(7): PDO->__construct()
#1 /home/u539586759/domains/hv-inversiones.com/public_html/sponsor/modelos/usuarios.modelo.php(15): Conexion::conectar()
#2 /home/u539586759/domains/hv-inversiones.com/public_html/sponsor/controladores/usuarios.controlador.php(26): ModeloUsuarios::mdlMostrarUsuarios()
#3 /home/u539586759/domains/hv-inversiones.com/public_html/sponsor/vistas/paginas/ingreso/login.php(155): ControladorUsuarios::ctrLoginUsuario()
#4 /home/u539586759/domains/hv-inversiones.com/public_html/sponsor/vistas/plantilla.php(82): include('/home/u53958675...')
#5 /home/u539586759/domains/hv-inversiones.com/public_html/sponsor/controladores/plantilla.controlador.php(7): include('/home/u53958675...')
#6 /home/u539586759/domains/hv-inversiones.com/public_html/sponsor/index.php(25): ControladorPlantilla->ctrPlantilla()
#7 {main}
  thrown in /home/u539586759/domains/hv-inversiones.com/public_html/sponsor/modelos/conexion.php on line 7
[06-Apr-2025 18:40:27 UTC] PHP Fatal error:  Uncaught PDOException: SQLSTATE[HY000] [1045] Access denied for user 'u539586759_hvsponsors'@'localhost' (using password: YES) in /home/u539586759/domains/hv-inversiones.com/public_html/sponsor/modelos/conexion.php:7
Stack trace:
#0 /home/u539586759/domains/hv-inversiones.com/public_html/sponsor/modelos/conexion.php(7): PDO->__construct()
#1 /home/u539586759/domains/hv-inversiones.com/public_html/sponsor/modelos/usuarios.modelo.php(15): Conexion::conectar()
#2 /home/u539586759/domains/hv-inversiones.com/public_html/sponsor/controladores/usuarios.controlador.php(26): ModeloUsuarios::mdlMostrarUsuarios()
#3 /home/u539586759/domains/hv-inversiones.com/public_html/sponsor/vistas/paginas/ingreso/login.php(155): ControladorUsuarios::ctrLoginUsuario()
#4 /home/u539586759/domains/hv-inversiones.com/public_html/sponsor/vistas/plantilla.php(82): include('/home/u53958675...')
#5 /home/u539586759/domains/hv-inversiones.com/public_html/sponsor/controladores/plantilla.controlador.php(7): include('/home/u53958675...')
#6 /home/u539586759/domains/hv-inversiones.com/public_html/sponsor/index.php(25): ControladorPlantilla->ctrPlantilla()
#7 {main}
  thrown in /home/u539586759/domains/hv-inversiones.com/public_html/sponsor/modelos/conexion.php on line 7
[06-Apr-2025 18:40:37 UTC] PHP Fatal error:  Uncaught PDOException: SQLSTATE[HY000] [1045] Access denied for user 'u539586759_hvsponsors'@'localhost' (using password: YES) in /home/u539586759/domains/hv-inversiones.com/public_html/sponsor/modelos/conexion.php:7
Stack trace:
#0 /home/u539586759/domains/hv-inversiones.com/public_html/sponsor/modelos/conexion.php(7): PDO->__construct()
#1 /home/u539586759/domains/hv-inversiones.com/public_html/sponsor/modelos/usuarios.modelo.php(15): Conexion::conectar()
#2 /home/u539586759/domains/hv-inversiones.com/public_html/sponsor/controladores/usuarios.controlador.php(26): ModeloUsuarios::mdlMostrarUsuarios()
#3 /home/u539586759/domains/hv-inversiones.com/public_html/sponsor/vistas/paginas/ingreso/login.php(155): ControladorUsuarios::ctrLoginUsuario()
#4 /home/u539586759/domains/hv-inversiones.com/public_html/sponsor/vistas/plantilla.php(82): include('/home/u53958675...')
#5 /home/u539586759/domains/hv-inversiones.com/public_html/sponsor/controladores/plantilla.controlador.php(7): include('/home/u53958675...')
#6 /home/u539586759/domains/hv-inversiones.com/public_html/sponsor/index.php(25): ControladorPlantilla->ctrPlantilla()
#7 {main}
  thrown in /home/u539586759/domains/hv-inversiones.com/public_html/sponsor/modelos/conexion.php on line 7
[06-Apr-2025 18:42:03 UTC] PHP Fatal error:  Uncaught PDOException: SQLSTATE[HY000] [1045] Access denied for user 'u539586759_sponsor'@'localhost' (using password: YES) in /home/u539586759/domains/hv-inversiones.com/public_html/sponsor/modelos/conexion.php:7
Stack trace:
#0 /home/u539586759/domains/hv-inversiones.com/public_html/sponsor/modelos/conexion.php(7): PDO->__construct()
#1 /home/u539586759/domains/hv-inversiones.com/public_html/sponsor/modelos/usuarios.modelo.php(15): Conexion::conectar()
#2 /home/u539586759/domains/hv-inversiones.com/public_html/sponsor/controladores/usuarios.controlador.php(26): ModeloUsuarios::mdlMostrarUsuarios()
#3 /home/u539586759/domains/hv-inversiones.com/public_html/sponsor/vistas/paginas/ingreso/login.php(155): ControladorUsuarios::ctrLoginUsuario()
#4 /home/u539586759/domains/hv-inversiones.com/public_html/sponsor/vistas/plantilla.php(82): include('/home/u53958675...')
#5 /home/u539586759/domains/hv-inversiones.com/public_html/sponsor/controladores/plantilla.controlador.php(7): include('/home/u53958675...')
#6 /home/u539586759/domains/hv-inversiones.com/public_html/sponsor/index.php(25): ControladorPlantilla->ctrPlantilla()
#7 {main}
  thrown in /home/u539586759/domains/hv-inversiones.com/public_html/sponsor/modelos/conexion.php on line 7
[06-Apr-2025 18:53:28 UTC] PHP Warning:  Trying to access array offset on value of type bool in /home/u539586759/domains/hv-inversiones.com/public_html/sponsor/controladores/usuarios.controlador.php on line 114
[06-Apr-2025 19:20:13 UTC] PHP Warning:  Trying to access array offset on value of type bool in /home/u539586759/domains/hv-inversiones.com/public_html/sponsor/controladores/usuarios.controlador.php on line 32
[06-Apr-2025 19:20:41 UTC] PHP Warning:  Trying to access array offset on value of type bool in /home/u539586759/domains/hv-inversiones.com/public_html/sponsor/controladores/usuarios.controlador.php on line 32
[06-Apr-2025 19:21:42 UTC] PHP Warning:  Trying to access array offset on value of type bool in /home/u539586759/domains/hv-inversiones.com/public_html/sponsor/controladores/usuarios.controlador.php on line 122
